2025-12-20 14:17:59 - 20251220_141759_af6b191f - root - INFO - logger._configure_programmatic_logging:343 - Logging configured programmatically. Session ID: 20251220_141759_af6b191f. File log: D:\Coding\SafeAppeals2.0\python\logs\python\app_session_20251220_141759_af6b191f.log
2025-12-20 14:17:59 - 20251220_141759_af6b191f - aichemist_codex.electron_bridge - INFO - electron_bridge.main:40 - Electron bridge starting
2025-12-20 14:17:59 - 20251220_141759_af6b191f - aichemist_codex.electron_bridge - DEBUG - argument_parser.validate:62 - Validating arguments for mode: convert
2025-12-20 14:17:59 - 20251220_141759_af6b191f - aichemist_codex.electron_bridge - DEBUG - argument_parser._validate_convert:84 - Validating convert mode arguments
2025-12-20 14:17:59 - 20251220_141759_af6b191f - aichemist_codex.electron_bridge - DEBUG - base.validate_file_exists:150 - Validating file exists: d:\Steve\Documents\HumanRights\Submission\CASE_INDEX.md
2025-12-20 14:17:59 - 20251220_141759_af6b191f - aichemist_codex.electron_bridge - DEBUG - base.validate_file_exists:160 - File validation passed: d:\Steve\Documents\HumanRights\Submission\CASE_INDEX.md
2025-12-20 14:17:59 - 20251220_141759_af6b191f - aichemist_codex.electron_bridge - DEBUG - base.validate_output_directory:178 - Validating output directory: d:\Steve\Documents\HumanRights
2025-12-20 14:17:59 - 20251220_141759_af6b191f - aichemist_codex.electron_bridge - DEBUG - base.validate_output_directory:188 - Output directory is writable: d:\Steve\Documents\HumanRights
2025-12-20 14:17:59 - 20251220_141759_af6b191f - aichemist_codex.electron_bridge - DEBUG - argument_parser.validate:74 - Argument validation passed
2025-12-20 14:17:59 - 20251220_141759_af6b191f - aichemist_codex.electron_bridge - INFO - electron_bridge.main:45 - Bridge mode: convert, type: md2docx
2025-12-20 14:17:59 - 20251220_141759_af6b191f - aichemist_codex.electron_bridge - DEBUG - progress_reporter.report:55 - Reporting progress: 0/100 - Initializing conversion...
2025-12-20 14:17:59 - 20251220_141759_af6b191f - aichemist_codex.electron_bridge - DEBUG - base.send_json_message:49 - Sending PROGRESS message: {"current": 0, "total": 100, "message": "Initializing conversion...", "type": "single_progress", "filename": ""}...
2025-12-20 14:17:59 - 20251220_141759_af6b191f - aichemist_codex.electron_bridge - DEBUG - progress_reporter.report:55 - Reporting progress: 10/100 - Loading converter...
2025-12-20 14:17:59 - 20251220_141759_af6b191f - aichemist_codex.electron_bridge - DEBUG - base.send_json_message:49 - Sending PROGRESS message: {"current": 10, "total": 100, "message": "Loading converter...", "type": "single_progress", "filename": ""}...
2025-12-20 14:17:59 - 20251220_141759_af6b191f - aichemist_codex.electron_bridge - DEBUG - conversion_handler.handle_single_conversion:41 - Importing plugins to trigger auto-registration
2025-12-20 14:17:59 - 20251220_141759_af6b191f - aichemist_codex.converters.md2html - DEBUG - to_html.<module>:38 - Markdown library available
2025-12-20 14:18:00 - 20251220_141759_af6b191f - aichemist_codex.plugins - DEBUG - __init__.<module>:20 - Markdown to HTML converter loaded
2025-12-20 14:18:00 - 20251220_141759_af6b191f - aichemist_codex.plugins - DEBUG - __init__.<module>:29 - Markdown to PDF converter loaded
2025-12-20 14:18:00 - 20251220_141759_af6b191f - aichemist_codex.plugins - DEBUG - __init__.<module>:38 - Markdown to DOCX converter loaded
2025-12-20 14:18:00 - 20251220_141759_af6b191f - aichemist_codex.plugins - WARNING - __init__.<module>:55 - PDF to Markdown converters not available: No module named 'ocrmypdf'
2025-12-20 14:18:00 - 20251220_141759_af6b191f - aichemist_codex.plugins - WARNING - __init__.<module>:64 - PDF to HTML converter not available: No module named 'ocrmypdf'
2025-12-20 14:18:00 - 20251220_141759_af6b191f - aichemist_codex.plugins - WARNING - __init__.<module>:73 - PDF to Editable converter not available: No module named 'ocrmypdf'
2025-12-20 14:18:00 - 20251220_141759_af6b191f - aichemist_codex.plugins - DEBUG - __init__.<module>:81 - DOCX to Markdown converter loaded
2025-12-20 14:18:00 - 20251220_141759_af6b191f - aichemist_codex.plugins - DEBUG - __init__.<module>:90 - DOCX to PDF converter loaded
2025-12-20 14:18:00 - 20251220_141759_af6b191f - aichemist_codex.plugins - DEBUG - __init__.<module>:100 - HTML to PDF converter loaded
2025-12-20 14:18:00 - 20251220_141759_af6b191f - aichemist_codex.plugins - WARNING - __init__.<module>:112 - TXT to PDF converter not available: No module named 'reportlab'
2025-12-20 14:18:00 - 20251220_141759_af6b191f - aichemist_codex.plugins - DEBUG - __init__.<module>:125 - Excel converters loaded
2025-12-20 14:18:00 - 20251220_141759_af6b191f - aichemist_codex.plugins - DEBUG - __init__.<module>:136 - CSV converters loaded
2025-12-20 14:18:00 - 20251220_141759_af6b191f - aichemist_codex.plugins - DEBUG - __init__.<module>:150 - PowerPoint converters loaded
2025-12-20 14:18:00 - 20251220_141759_af6b191f - aichemist_codex.plugins - DEBUG - __init__.<module>:162 - Image converters loaded
2025-12-20 14:18:00 - 20251220_141759_af6b191f - aichemist_codex.plugins - WARNING - __init__.<module>:174 - PDF to Excel converter not available: No module named 'ocrmypdf'
2025-12-20 14:18:00 - 20251220_141759_af6b191f - aichemist_codex.plugins - WARNING - __init__.<module>:184 - PDF to Images converter not available: No module named 'ocrmypdf'
2025-12-20 14:18:00 - 20251220_141759_af6b191f - aichemist_codex.plugins - WARNING - __init__.<module>:199 - Advanced PDF operations not available: No module named 'ocrmypdf'
2025-12-20 14:18:00 - 20251220_141759_af6b191f - aichemist_codex.plugins - DEBUG - __init__.<module>:211 - EPUB converters loaded
2025-12-20 14:18:00 - 20251220_141759_af6b191f - aichemist_codex.plugins - ERROR - __init__.<module>:227 - EPUB creation converters failed: name 'Document' is not defined
Traceback (most recent call last):
  File "D:\Coding\SafeAppeals2.0\python\transmutation_codex\plugins\__init__.py", line 219, in <module>
    from .docx.to_epub import convert_docx_to_epub
  File "D:\Coding\SafeAppeals2.0\python\transmutation_codex\plugins\docx\to_epub.py", line 248, in <module>
    def _docx_to_html(doc: Document) -> str:
                           ^^^^^^^^
NameError: name 'Document' is not defined
2025-12-20 14:18:00 - 20251220_141759_af6b191f - aichemist_codex.plugins - INFO - __init__.<module>:229 - Plugin package initialized - all converters registered
2025-12-20 14:18:00 - 20251220_141759_af6b191f - aichemist_codex.electron_bridge - DEBUG - conversion_handler.handle_single_conversion:44 - Successfully imported plugins
2025-12-20 14:18:00 - 20251220_141759_af6b191f - aichemist_codex.electron_bridge - DEBUG - conversion_handler.handle_single_conversion:54 - Parsing conversion type: md2docx
2025-12-20 14:18:00 - 20251220_141759_af6b191f - aichemist_codex.electron_bridge - DEBUG - conversion_handler.handle_single_conversion:64 - Parsed conversion: md -> docx
2025-12-20 14:18:00 - 20251220_141759_af6b191f - aichemist_codex.electron_bridge - DEBUG - progress_reporter.report:55 - Reporting progress: 20/100 - Finding converter for md2docx...
2025-12-20 14:18:00 - 20251220_141759_af6b191f - aichemist_codex.electron_bridge - DEBUG - base.send_json_message:49 - Sending PROGRESS message: {"current": 20, "total": 100, "message": "Finding converter for md2docx...", "type": "single_progress", "filename": ""}...
2025-12-20 14:18:00 - 20251220_141759_af6b191f - aichemist_codex.electron_bridge - DEBUG - conversion_handler.handle_single_conversion:68 - Looking up converter in registry: md -> docx
2025-12-20 14:18:00 - 20251220_141759_af6b191f - aichemist_codex.electron_bridge - INFO - conversion_handler.handle_single_conversion:88 - Using converter: md_to_docx_convert_md_to_docx (priority: 50, version: 1.0.0)
2025-12-20 14:18:00 - 20251220_141759_af6b191f - aichemist_codex.electron_bridge - DEBUG - progress_reporter.report:55 - Reporting progress: 30/100 - Converting CASE_INDEX.md...
2025-12-20 14:18:00 - 20251220_141759_af6b191f - aichemist_codex.electron_bridge - DEBUG - base.send_json_message:49 - Sending PROGRESS message: {"current": 30, "total": 100, "message": "Converting CASE_INDEX.md...", "type": "single_progress", "filename": "CASE_INDEX.md"}...
2025-12-20 14:18:00 - 20251220_141759_af6b191f - aichemist_codex.electron_bridge - INFO - conversion_handler.handle_single_conversion:107 - Executing conversion: CASE_INDEX.md -> CASE_INDEX.docx
2025-12-20 14:18:00 - 20251220_141759_af6b191f - aichemist_codex.electron_bridge - DEBUG - conversion_handler.handle_single_conversion:108 - Converter options: {'force_ocr': False, 'include_charts': False, 'preserve_formatting': False, 'include_notes': False, 'include_images': False, 'use_lossless_compression': False, 'reduce_image_resolution': False, 'export_bookmarks': False, 'export_notes': False, 'pdfa': False, 'deskew': False, 'clean': False, 'redo_ocr': False}
2025-12-20 14:18:00 - 20251220_141759_af6b191f - aichemist_codex.electron_bridge - DEBUG - conversion_handler.handle_single_conversion:115 - Calling converter function
2025-12-20 14:18:00 - 20251220_141759_af6b191f - aichemist_codex.converters.md2docx - INFO - to_docx.convert_md_to_docx:187 - Starting Markdown to DOCX conversion: d:\Steve\Documents\HumanRights\Submission\CASE_INDEX.md
2025-12-20 14:18:00 - 20251220_141759_af6b191f - aichemist_codex.converters.md2docx - INFO - to_docx.convert_md_to_docx:188 - Output will be saved to: d:\Steve\Documents\HumanRights\CASE_INDEX.docx
2025-12-20 14:18:00 - 20251220_141759_af6b191f - aichemist_codex.converters.md2docx - DEBUG - to_docx.get_pandoc_path:65 - Could not check for bundled Pandoc: cannot access local variable 'input_path' where it is not associated with a value
2025-12-20 14:18:00 - 20251220_141759_af6b191f - aichemist_codex.converters.md2docx - INFO - to_docx.get_pandoc_path:105 - Found pandoc at: C:\Users\Steve\AppData\Local\Pandoc\pandoc.exe
2025-12-20 14:18:00 - 20251220_141759_af6b191f - aichemist_codex.converters.md2docx - INFO - to_docx.convert_md_to_docx:204 - Using Pandoc at: C:\Users\Steve\AppData\Local\Pandoc\pandoc.exe
2025-12-20 14:18:00 - 20251220_141759_af6b191f - pypandoc - DEBUG - __init__._convert_input:419 - Ensuring pandoc path...
2025-12-20 14:18:00 - 20251220_141759_af6b191f - pypandoc - DEBUG - __init__._convert_input:423 - Verifying format...
2025-12-20 14:18:00 - 20251220_141759_af6b191f - pypandoc - DEBUG - __init__._convert_input:429 - Identifying input type...
2025-12-20 14:18:00 - 20251220_141759_af6b191f - pypandoc - DEBUG - __init__._convert_input:487 - Running pandoc...
2025-12-20 14:18:00 - 20251220_141759_af6b191f - aichemist_codex.converters.md2docx - INFO - to_docx.convert_md_to_docx:233 - Successfully converted CASE_INDEX.md to DOCX: d:\Steve\Documents\HumanRights\CASE_INDEX.docx
2025-12-20 14:18:00 - 20251220_141759_af6b191f - aichemist_codex.converters.md2docx - INFO - to_docx.convert_md_to_docx:234 - Conversion completed in 0.46s
2025-12-20 14:18:00 - 20251220_141759_af6b191f - aichemist_codex.converters.md2docx - ERROR - to_docx.convert_md_to_docx:266 - Pandoc conversion failed: record_conversion_attempt() missing 1 required positional argument: 'conversion_type'
Traceback (most recent call last):
  File "D:\Coding\SafeAppeals2.0\python\transmutation_codex\plugins\markdown\to_docx.py", line 238, in convert_md_to_docx
    record_conversion_attempt(
    ~~~~~~~~~~~~~~~~~~~~~~~~~^
        converter_name="md2docx",
        ^^^^^^^^^^^^^^^^^^^^^^^^^
    ...<2 lines>...
        success=True,
        ^^^^^^^^^^^^^
    )
    ^
TypeError: record_conversion_attempt() missing 1 required positional argument: 'conversion_type'
2025-12-20 14:18:00 - 20251220_141759_af6b191f - aichemist_codex.converters.md2docx - DEBUG - to_docx.convert_md_to_docx:286 - Restored PANDOC_PATH: unset.
2025-12-20 14:18:00 - 20251220_141759_af6b191f - aichemist_codex.electron_bridge - WARNING - conversion_handler.handle_single_conversion:121 - Initial conversion attempt failed: Pandoc conversion failed: record_conversion_attempt() missing 1 required positional argument: 'conversion_type'
Traceback (most recent call last):
  File "D:\Coding\SafeAppeals2.0\python\transmutation_codex\plugins\markdown\to_docx.py", line 238, in convert_md_to_docx
    record_conversion_attempt(
    ~~~~~~~~~~~~~~~~~~~~~~~~~^
        converter_name="md2docx",
        ^^^^^^^^^^^^^^^^^^^^^^^^^
    ...<2 lines>...
        success=True,
        ^^^^^^^^^^^^^
    )
    ^
TypeError: record_conversion_attempt() missing 1 required positional argument: 'conversion_type'

The above exception was the direct cause of the following exception:

Traceback (most recent call last):
  File "D:\Coding\SafeAppeals2.0\python\transmutation_codex\adapters\bridges\conversion_handler.py", line 116, in handle_single_conversion
    result_path = converter_callable(
        str(input_path), str(output_path), **args.options
    )
  File "D:\Coding\SafeAppeals2.0\python\transmutation_codex\plugins\markdown\to_docx.py", line 279, in convert_md_to_docx
    raise RuntimeError(error_message) from e
RuntimeError: Pandoc conversion failed: record_conversion_attempt() missing 1 required positional argument: 'conversion_type'
2025-12-20 14:18:00 - 20251220_141759_af6b191f - aichemist_codex.electron_bridge - ERROR - conversion_handler.handle_single_conversion:176 - [BRIDGE_004] Conversion failed: Pandoc conversion failed: record_conversion_attempt() missing 1 required positional argument: 'conversion_type'
Traceback (most recent call last):
  File "D:\Coding\SafeAppeals2.0\python\transmutation_codex\plugins\markdown\to_docx.py", line 238, in convert_md_to_docx
    record_conversion_attempt(
    ~~~~~~~~~~~~~~~~~~~~~~~~~^
        converter_name="md2docx",
        ^^^^^^^^^^^^^^^^^^^^^^^^^
    ...<2 lines>...
        success=True,
        ^^^^^^^^^^^^^
    )
    ^
TypeError: record_conversion_attempt() missing 1 required positional argument: 'conversion_type'

The above exception was the direct cause of the following exception:

Traceback (most recent call last):
  File "D:\Coding\SafeAppeals2.0\python\transmutation_codex\adapters\bridges\conversion_handler.py", line 116, in handle_single_conversion
    result_path = converter_callable(
        str(input_path), str(output_path), **args.options
    )
  File "D:\Coding\SafeAppeals2.0\python\transmutation_codex\plugins\markdown\to_docx.py", line 279, in convert_md_to_docx
    raise RuntimeError(error_message) from e
RuntimeError: Pandoc conversion failed: record_conversion_attempt() missing 1 required positional argument: 'conversion_type'
2025-12-20 14:18:00 - 20251220_141759_af6b191f - aichemist_codex.electron_bridge - ERROR - progress_reporter.report_error:97 - Reporting error (conversion): Pandoc conversion failed: record_conversion_attempt() missing 1 required positional argument: 'conversion_type'
2025-12-20 14:18:00 - 20251220_141759_af6b191f - aichemist_codex.electron_bridge - DEBUG - base.send_json_message:49 - Sending PROGRESS message: {"current": 30, "total": 100, "message": "Error: Pandoc conversion failed: record_conversion_attempt() missing 1 required positional argument: 'conversion_type'", "type": "single_error", "filename": "...
2025-12-20 14:18:00 - 20251220_141759_af6b191f - aichemist_codex.electron_bridge - DEBUG - base.send_json_message:49 - Sending ERROR message: {"error": "Pandoc conversion failed: record_conversion_attempt() missing 1 required positional argument: 'conversion_type'", "type": "conversion"}...
2025-12-20 14:18:00 - 20251220_141759_af6b191f - aichemist_codex.electron_bridge - DEBUG - base.send_json_message:49 - Sending RESULT message: {"success": false, "message": "Conversion failed: Pandoc conversion failed: record_conversion_attempt() missing 1 required positional argument: 'conversion_type'", "input_path": "d:\\Steve\\Documents\...
2025-12-20 14:18:00 - 20251220_141759_af6b191f - aichemist_codex.electron_bridge - ERROR - conversion_handler.handle_conversion:411 - [BRIDGE_004] Conversion error: Conversion failed: Pandoc conversion failed: record_conversion_attempt() missing 1 required positional argument: 'conversion_type'
Traceback (most recent call last):
  File "D:\Coding\SafeAppeals2.0\python\transmutation_codex\plugins\markdown\to_docx.py", line 238, in convert_md_to_docx
    record_conversion_attempt(
    ~~~~~~~~~~~~~~~~~~~~~~~~~^
        converter_name="md2docx",
        ^^^^^^^^^^^^^^^^^^^^^^^^^
    ...<2 lines>...
        success=True,
        ^^^^^^^^^^^^^
    )
    ^
TypeError: record_conversion_attempt() missing 1 required positional argument: 'conversion_type'

The above exception was the direct cause of the following exception:

Traceback (most recent call last):
  File "D:\Coding\SafeAppeals2.0\python\transmutation_codex\adapters\bridges\conversion_handler.py", line 116, in handle_single_conversion
    result_path = converter_callable(
        str(input_path), str(output_path), **args.options
    )
  File "D:\Coding\SafeAppeals2.0\python\transmutation_codex\plugins\markdown\to_docx.py", line 279, in convert_md_to_docx
    raise RuntimeError(error_message) from e
RuntimeError: Pandoc conversion failed: record_conversion_attempt() missing 1 required positional argument: 'conversion_type'

The above exception was the direct cause of the following exception:

Traceback (most recent call last):
  File "D:\Coding\SafeAppeals2.0\python\transmutation_codex\adapters\bridges\conversion_handler.py", line 391, in handle_conversion
    handle_single_conversion(args, reporter)
    ~~~~~~~~~~~~~~~~~~~~~~~~^^^^^^^^^^^^^^^^
  File "D:\Coding\SafeAppeals2.0\python\transmutation_codex\adapters\bridges\conversion_handler.py", line 189, in handle_single_conversion
    raise BridgeConversionError(f"Conversion failed: {e}") from e
transmutation_codex.adapters.bridges.base.BridgeConversionError: Conversion failed: Pandoc conversion failed: record_conversion_attempt() missing 1 required positional argument: 'conversion_type'
2025-12-20 14:18:00 - 20251220_141759_af6b191f - aichemist_codex.electron_bridge - INFO - electron_bridge.main:50 - Electron bridge exiting with code 1
