2026-01-09 13:09:01 - 20260109_130901_d1788be0 - root - INFO - logger._configure_programmatic_logging:343 - Logging configured programmatically. Session ID: 20260109_130901_d1788be0. File log: D:\Coding\SafeAppeals2.0\python\logs\python\app_session_20260109_130901_d1788be0.log
2026-01-09 13:09:02 - 20260109_130901_d1788be0 - aichemist_codex.electron_bridge - INFO - electron_bridge.main:40 - Electron bridge starting
2026-01-09 13:09:02 - 20260109_130901_d1788be0 - aichemist_codex.electron_bridge - DEBUG - argument_parser.validate:62 - Validating arguments for mode: convert
2026-01-09 13:09:02 - 20260109_130901_d1788be0 - aichemist_codex.electron_bridge - DEBUG - argument_parser._validate_convert:84 - Validating convert mode arguments
2026-01-09 13:09:02 - 20260109_130901_d1788be0 - aichemist_codex.electron_bridge - DEBUG - base.validate_file_exists:150 - Validating file exists: d:\Steve\Documents\JohnsVSABCorp\Your Side\intake.docx
2026-01-09 13:09:02 - 20260109_130901_d1788be0 - aichemist_codex.electron_bridge - DEBUG - base.validate_file_exists:160 - File validation passed: d:\Steve\Documents\JohnsVSABCorp\Your Side\intake.docx
2026-01-09 13:09:02 - 20260109_130901_d1788be0 - aichemist_codex.electron_bridge - DEBUG - base.validate_output_directory:178 - Validating output directory: d:\Steve\Documents\JohnsVSABCorp
2026-01-09 13:09:02 - 20260109_130901_d1788be0 - aichemist_codex.electron_bridge - DEBUG - base.validate_output_directory:188 - Output directory is writable: d:\Steve\Documents\JohnsVSABCorp
2026-01-09 13:09:02 - 20260109_130901_d1788be0 - aichemist_codex.electron_bridge - DEBUG - argument_parser.validate:74 - Argument validation passed
2026-01-09 13:09:02 - 20260109_130901_d1788be0 - aichemist_codex.electron_bridge - INFO - electron_bridge.main:45 - Bridge mode: convert, type: docx2pdf
2026-01-09 13:09:02 - 20260109_130901_d1788be0 - aichemist_codex.electron_bridge - DEBUG - progress_reporter.report:55 - Reporting progress: 0/100 - Initializing conversion...
2026-01-09 13:09:02 - 20260109_130901_d1788be0 - aichemist_codex.electron_bridge - DEBUG - base.send_json_message:49 - Sending PROGRESS message: {"current": 0, "total": 100, "message": "Initializing conversion...", "type": "single_progress", "filename": ""}...
2026-01-09 13:09:02 - 20260109_130901_d1788be0 - aichemist_codex.electron_bridge - DEBUG - progress_reporter.report:55 - Reporting progress: 10/100 - Loading converter...
2026-01-09 13:09:02 - 20260109_130901_d1788be0 - aichemist_codex.electron_bridge - DEBUG - base.send_json_message:49 - Sending PROGRESS message: {"current": 10, "total": 100, "message": "Loading converter...", "type": "single_progress", "filename": ""}...
2026-01-09 13:09:02 - 20260109_130901_d1788be0 - aichemist_codex.electron_bridge - DEBUG - conversion_handler.handle_single_conversion:41 - Importing plugins to trigger auto-registration
2026-01-09 13:09:02 - 20260109_130901_d1788be0 - aichemist_codex.converters.md2html - DEBUG - to_html.<module>:38 - Markdown library available
2026-01-09 13:09:02 - 20260109_130901_d1788be0 - aichemist_codex.plugins - DEBUG - __init__.<module>:20 - Markdown to HTML converter loaded
2026-01-09 13:09:02 - 20260109_130901_d1788be0 - aichemist_codex.plugins - DEBUG - __init__.<module>:29 - Markdown to PDF converter loaded
2026-01-09 13:09:02 - 20260109_130901_d1788be0 - aichemist_codex.plugins - DEBUG - __init__.<module>:38 - Markdown to DOCX converter loaded
2026-01-09 13:09:02 - 20260109_130901_d1788be0 - aichemist_codex.plugins - WARNING - __init__.<module>:55 - PDF to Markdown converters not available: No module named 'ocrmypdf'
2026-01-09 13:09:02 - 20260109_130901_d1788be0 - aichemist_codex.plugins - WARNING - __init__.<module>:64 - PDF to HTML converter not available: No module named 'ocrmypdf'
2026-01-09 13:09:02 - 20260109_130901_d1788be0 - aichemist_codex.plugins - WARNING - __init__.<module>:73 - PDF to Editable converter not available: No module named 'ocrmypdf'
2026-01-09 13:09:02 - 20260109_130901_d1788be0 - aichemist_codex.plugins - DEBUG - __init__.<module>:81 - DOCX to Markdown converter loaded
2026-01-09 13:09:02 - 20260109_130901_d1788be0 - aichemist_codex.plugins - DEBUG - __init__.<module>:90 - DOCX to PDF converter loaded
2026-01-09 13:09:02 - 20260109_130901_d1788be0 - aichemist_codex.plugins - DEBUG - __init__.<module>:100 - HTML to PDF converter loaded
2026-01-09 13:09:02 - 20260109_130901_d1788be0 - aichemist_codex.plugins - WARNING - __init__.<module>:112 - TXT to PDF converter not available: No module named 'reportlab'
2026-01-09 13:09:03 - 20260109_130901_d1788be0 - aichemist_codex.plugins - DEBUG - __init__.<module>:125 - Excel converters loaded
2026-01-09 13:09:03 - 20260109_130901_d1788be0 - aichemist_codex.plugins - DEBUG - __init__.<module>:136 - CSV converters loaded
2026-01-09 13:09:03 - 20260109_130901_d1788be0 - aichemist_codex.plugins - DEBUG - __init__.<module>:150 - PowerPoint converters loaded
2026-01-09 13:09:03 - 20260109_130901_d1788be0 - aichemist_codex.plugins - DEBUG - __init__.<module>:162 - Image converters loaded
2026-01-09 13:09:03 - 20260109_130901_d1788be0 - aichemist_codex.plugins - WARNING - __init__.<module>:174 - PDF to Excel converter not available: No module named 'ocrmypdf'
2026-01-09 13:09:03 - 20260109_130901_d1788be0 - aichemist_codex.plugins - WARNING - __init__.<module>:184 - PDF to Images converter not available: No module named 'ocrmypdf'
2026-01-09 13:09:03 - 20260109_130901_d1788be0 - aichemist_codex.plugins - WARNING - __init__.<module>:199 - Advanced PDF operations not available: No module named 'ocrmypdf'
2026-01-09 13:09:03 - 20260109_130901_d1788be0 - aichemist_codex.plugins - DEBUG - __init__.<module>:211 - EPUB converters loaded
2026-01-09 13:09:03 - 20260109_130901_d1788be0 - aichemist_codex.plugins - ERROR - __init__.<module>:227 - EPUB creation converters failed: name 'Document' is not defined
Traceback (most recent call last):
  File "D:\Coding\SafeAppeals2.0\python\transmutation_codex\plugins\__init__.py", line 219, in <module>
    from .docx.to_epub import convert_docx_to_epub
  File "D:\Coding\SafeAppeals2.0\python\transmutation_codex\plugins\docx\to_epub.py", line 248, in <module>
    def _docx_to_html(doc: Document) -> str:
                           ^^^^^^^^
NameError: name 'Document' is not defined
2026-01-09 13:09:03 - 20260109_130901_d1788be0 - aichemist_codex.plugins - INFO - __init__.<module>:229 - Plugin package initialized - all converters registered
2026-01-09 13:09:03 - 20260109_130901_d1788be0 - aichemist_codex.electron_bridge - DEBUG - conversion_handler.handle_single_conversion:44 - Successfully imported plugins
2026-01-09 13:09:03 - 20260109_130901_d1788be0 - aichemist_codex.electron_bridge - DEBUG - conversion_handler.handle_single_conversion:54 - Parsing conversion type: docx2pdf
2026-01-09 13:09:03 - 20260109_130901_d1788be0 - aichemist_codex.electron_bridge - DEBUG - conversion_handler.handle_single_conversion:64 - Parsed conversion: docx -> pdf
2026-01-09 13:09:03 - 20260109_130901_d1788be0 - aichemist_codex.electron_bridge - DEBUG - progress_reporter.report:55 - Reporting progress: 20/100 - Finding converter for docx2pdf...
2026-01-09 13:09:03 - 20260109_130901_d1788be0 - aichemist_codex.electron_bridge - DEBUG - base.send_json_message:49 - Sending PROGRESS message: {"current": 20, "total": 100, "message": "Finding converter for docx2pdf...", "type": "single_progress", "filename": ""}...
2026-01-09 13:09:03 - 20260109_130901_d1788be0 - aichemist_codex.electron_bridge - DEBUG - conversion_handler.handle_single_conversion:68 - Looking up converter in registry: docx -> pdf
2026-01-09 13:09:03 - 20260109_130901_d1788be0 - aichemist_codex.electron_bridge - INFO - conversion_handler.handle_single_conversion:88 - Using converter: docx_to_pdf_libreoffice (priority: 10, version: 1.1.0)
2026-01-09 13:09:03 - 20260109_130901_d1788be0 - aichemist_codex.electron_bridge - DEBUG - progress_reporter.report:55 - Reporting progress: 30/100 - Converting intake.docx...
2026-01-09 13:09:03 - 20260109_130901_d1788be0 - aichemist_codex.electron_bridge - DEBUG - base.send_json_message:49 - Sending PROGRESS message: {"current": 30, "total": 100, "message": "Converting intake.docx...", "type": "single_progress", "filename": "intake.docx"}...
2026-01-09 13:09:03 - 20260109_130901_d1788be0 - aichemist_codex.electron_bridge - INFO - conversion_handler.handle_single_conversion:107 - Executing conversion: intake.docx -> intake.pdf
2026-01-09 13:09:03 - 20260109_130901_d1788be0 - aichemist_codex.electron_bridge - DEBUG - conversion_handler.handle_single_conversion:108 - Converter options: {'force_ocr': False, 'include_charts': False, 'preserve_formatting': False, 'include_notes': False, 'include_images': False, 'use_lossless_compression': False, 'reduce_image_resolution': False, 'export_bookmarks': False, 'export_notes': False, 'pdfa': False, 'deskew': False, 'clean': False, 'redo_ocr': False}
2026-01-09 13:09:03 - 20260109_130901_d1788be0 - aichemist_codex.electron_bridge - DEBUG - conversion_handler.handle_single_conversion:115 - Calling converter function
2026-01-09 13:09:03 - 20260109_130901_d1788be0 - aichemist_codex.transmutation_codex.utils.validators - DEBUG - validators.validate_file_path:51 - Validating file path: d:\Steve\Documents\JohnsVSABCorp\Your Side\intake.docx
2026-01-09 13:09:03 - 20260109_130901_d1788be0 - aichemist_codex.transmutation_codex.utils.validators - DEBUG - validators.validate_file_path:89 - File path validation passed: d:\Steve\Documents\JohnsVSABCorp\Your Side\intake.docx
2026-01-09 13:09:03 - 20260109_130901_d1788be0 - aichemist_codex.converters.docx2pdf_libreoffice - INFO - to_pdf_libreoffice.convert_docx_to_pdf_libreoffice:149 - Starting LibreOffice DOCX to PDF conversion: d:\Steve\Documents\JohnsVSABCorp\Your Side\intake.docx
2026-01-09 13:09:03 - 20260109_130901_d1788be0 - aichemist_codex.converters.docx2pdf_libreoffice - INFO - to_pdf_libreoffice.convert_docx_to_pdf_libreoffice:150 - Output will be saved to: d:\Steve\Documents\JohnsVSABCorp\intake.pdf
2026-01-09 13:09:03 - 20260109_130901_d1788be0 - aichemist_codex.converters.libreoffice_utils - DEBUG - libreoffice_utils.find_libreoffice:63 - Found LibreOffice at: C:\Program Files\LibreOffice\program\soffice.exe
2026-01-09 13:09:03 - 20260109_130901_d1788be0 - aichemist_codex.converters.libreoffice_utils - DEBUG - libreoffice_utils.build_pdf_export_filter_options:172 - PDF filter options: Selection=false:Quality=90:ReduceImageResolution=false:UseLosslessCompression=false:ExportBookmarks=false:ExportNotes=false:ExportNotesPages=false:ExportFormFields=true:FormsType=1:EmbedStandardFonts=true:UseTaggedPDF=true:IsSkipEmptyPages=false:FirstPageOnLeft=false:DisplayPDFDocumentTitle=true:SelectPdfVersion=0
2026-01-09 13:09:03 - 20260109_130901_d1788be0 - aichemist_codex.converters.docx2pdf_libreoffice - INFO - to_pdf_libreoffice.convert_docx_to_pdf_libreoffice:224 - Running command: C:\Program Files\LibreOffice\program\soffice.exe --headless --nologo --nofirststartwizard --norestore --convert-to pdf:writer_pdf_Export:Selection=false:Quality=90:ReduceImageResolution=false:UseLosslessCompression=false:ExportBookmarks=false:ExportNotes=false:ExportNotesPages=false:ExportFormFields=true:FormsType=1:EmbedStandardFonts=true:UseTaggedPDF=true:IsSkipEmptyPages=false:FirstPageOnLeft=false:DisplayPDFDocumentTitle=true:SelectPdfVersion=0 --outdir d:\Steve\Documents\JohnsVSABCorp d:\Steve\Documents\JohnsVSABCorp\Your Side\intake.docx
2026-01-09 13:09:03 - 20260109_130901_d1788be0 - aichemist_codex.converters.docx2pdf_libreoffice - DEBUG - to_pdf_libreoffice.convert_docx_to_pdf_libreoffice:225 - PDF export settings: quality=90, lossless=False, pdfa=False
2026-01-09 13:09:03 - 20260109_130901_d1788be0 - aichemist_codex.converters.docx2pdf_libreoffice - DEBUG - to_pdf_libreoffice.convert_docx_to_pdf_libreoffice:232 - Full command: ['C:\\Program Files\\LibreOffice\\program\\soffice.exe', '--headless', '--nologo', '--nofirststartwizard', '--norestore', '--convert-to', 'pdf:writer_pdf_Export:Selection=false:Quality=90:ReduceImageResolution=false:UseLosslessCompression=false:ExportBookmarks=false:ExportNotes=false:ExportNotesPages=false:ExportFormFields=true:FormsType=1:EmbedStandardFonts=true:UseTaggedPDF=true:IsSkipEmptyPages=false:FirstPageOnLeft=false:DisplayPDFDocumentTitle=true:SelectPdfVersion=0', '--outdir', 'd:\\Steve\\Documents\\JohnsVSABCorp', 'd:\\Steve\\Documents\\JohnsVSABCorp\\Your Side\\intake.docx']
2026-01-09 13:09:06 - 20260109_130901_d1788be0 - aichemist_codex.converters.docx2pdf_libreoffice - DEBUG - to_pdf_libreoffice.convert_docx_to_pdf_libreoffice:279 - Waiting for output file (attempt 1/20)...
2026-01-09 13:09:07 - 20260109_130901_d1788be0 - aichemist_codex.converters.docx2pdf_libreoffice - DEBUG - to_pdf_libreoffice.convert_docx_to_pdf_libreoffice:279 - Waiting for output file (attempt 2/20)...
2026-01-09 13:09:07 - 20260109_130901_d1788be0 - aichemist_codex.converters.docx2pdf_libreoffice - DEBUG - to_pdf_libreoffice.convert_docx_to_pdf_libreoffice:279 - Waiting for output file (attempt 3/20)...
2026-01-09 13:09:08 - 20260109_130901_d1788be0 - aichemist_codex.converters.docx2pdf_libreoffice - DEBUG - to_pdf_libreoffice.convert_docx_to_pdf_libreoffice:279 - Waiting for output file (attempt 4/20)...
2026-01-09 13:09:08 - 20260109_130901_d1788be0 - aichemist_codex.converters.docx2pdf_libreoffice - DEBUG - to_pdf_libreoffice.convert_docx_to_pdf_libreoffice:279 - Waiting for output file (attempt 5/20)...
2026-01-09 13:09:09 - 20260109_130901_d1788be0 - aichemist_codex.converters.docx2pdf_libreoffice - DEBUG - to_pdf_libreoffice.convert_docx_to_pdf_libreoffice:279 - Waiting for output file (attempt 6/20)...
2026-01-09 13:09:09 - 20260109_130901_d1788be0 - aichemist_codex.converters.docx2pdf_libreoffice - DEBUG - to_pdf_libreoffice.convert_docx_to_pdf_libreoffice:279 - Waiting for output file (attempt 7/20)...
2026-01-09 13:09:10 - 20260109_130901_d1788be0 - aichemist_codex.converters.docx2pdf_libreoffice - DEBUG - to_pdf_libreoffice.convert_docx_to_pdf_libreoffice:279 - Waiting for output file (attempt 8/20)...
2026-01-09 13:09:10 - 20260109_130901_d1788be0 - aichemist_codex.converters.docx2pdf_libreoffice - DEBUG - to_pdf_libreoffice.convert_docx_to_pdf_libreoffice:279 - Waiting for output file (attempt 9/20)...
2026-01-09 13:09:11 - 20260109_130901_d1788be0 - aichemist_codex.converters.docx2pdf_libreoffice - DEBUG - to_pdf_libreoffice.convert_docx_to_pdf_libreoffice:279 - Waiting for output file (attempt 10/20)...
2026-01-09 13:09:11 - 20260109_130901_d1788be0 - aichemist_codex.converters.docx2pdf_libreoffice - DEBUG - to_pdf_libreoffice.convert_docx_to_pdf_libreoffice:279 - Waiting for output file (attempt 11/20)...
2026-01-09 13:09:12 - 20260109_130901_d1788be0 - aichemist_codex.converters.docx2pdf_libreoffice - DEBUG - to_pdf_libreoffice.convert_docx_to_pdf_libreoffice:279 - Waiting for output file (attempt 12/20)...
2026-01-09 13:09:12 - 20260109_130901_d1788be0 - aichemist_codex.converters.docx2pdf_libreoffice - DEBUG - to_pdf_libreoffice.convert_docx_to_pdf_libreoffice:279 - Waiting for output file (attempt 13/20)...
2026-01-09 13:09:13 - 20260109_130901_d1788be0 - aichemist_codex.converters.docx2pdf_libreoffice - DEBUG - to_pdf_libreoffice.convert_docx_to_pdf_libreoffice:279 - Waiting for output file (attempt 14/20)...
2026-01-09 13:09:13 - 20260109_130901_d1788be0 - aichemist_codex.converters.docx2pdf_libreoffice - DEBUG - to_pdf_libreoffice.convert_docx_to_pdf_libreoffice:279 - Waiting for output file (attempt 15/20)...
2026-01-09 13:09:14 - 20260109_130901_d1788be0 - aichemist_codex.converters.docx2pdf_libreoffice - DEBUG - to_pdf_libreoffice.convert_docx_to_pdf_libreoffice:279 - Waiting for output file (attempt 16/20)...
2026-01-09 13:09:14 - 20260109_130901_d1788be0 - aichemist_codex.converters.docx2pdf_libreoffice - DEBUG - to_pdf_libreoffice.convert_docx_to_pdf_libreoffice:279 - Waiting for output file (attempt 17/20)...
2026-01-09 13:09:15 - 20260109_130901_d1788be0 - aichemist_codex.converters.docx2pdf_libreoffice - DEBUG - to_pdf_libreoffice.convert_docx_to_pdf_libreoffice:279 - Waiting for output file (attempt 18/20)...
2026-01-09 13:09:15 - 20260109_130901_d1788be0 - aichemist_codex.converters.docx2pdf_libreoffice - DEBUG - to_pdf_libreoffice.convert_docx_to_pdf_libreoffice:279 - Waiting for output file (attempt 19/20)...
2026-01-09 13:09:16 - 20260109_130901_d1788be0 - aichemist_codex.converters.docx2pdf_libreoffice - ERROR - to_pdf_libreoffice.convert_docx_to_pdf_libreoffice:288 - LibreOffice conversion completed but output file not found: d:\Steve\Documents\JohnsVSABCorp\intake.pdf
STDOUT: 
STDERR: 
2026-01-09 13:09:16 - 20260109_130901_d1788be0 - aichemist_codex.converters.docx2pdf_libreoffice - ERROR - to_pdf_libreoffice.convert_docx_to_pdf_libreoffice:350 - LibreOffice conversion failed: LibreOffice conversion completed but output file not found: d:\Steve\Documents\JohnsVSABCorp\intake.pdf
STDOUT: 
STDERR: 
Traceback (most recent call last):
  File "D:\Coding\SafeAppeals2.0\python\transmutation_codex\plugins\docx\to_pdf_libreoffice.py", line 289, in convert_docx_to_pdf_libreoffice
    raise RuntimeError(error_msg)
RuntimeError: LibreOffice conversion completed but output file not found: d:\Steve\Documents\JohnsVSABCorp\intake.pdf
STDOUT: 
STDERR: 
2026-01-09 13:09:16 - 20260109_130901_d1788be0 - aichemist_codex.electron_bridge - WARNING - conversion_handler.handle_single_conversion:121 - Initial conversion attempt failed: LibreOffice conversion failed: LibreOffice conversion completed but output file not found: d:\Steve\Documents\JohnsVSABCorp\intake.pdf
STDOUT: 
STDERR: 
Traceback (most recent call last):
  File "D:\Coding\SafeAppeals2.0\python\transmutation_codex\plugins\docx\to_pdf_libreoffice.py", line 289, in convert_docx_to_pdf_libreoffice
    raise RuntimeError(error_msg)
RuntimeError: LibreOffice conversion completed but output file not found: d:\Steve\Documents\JohnsVSABCorp\intake.pdf
STDOUT: 
STDERR: 

The above exception was the direct cause of the following exception:

Traceback (most recent call last):
  File "D:\Coding\SafeAppeals2.0\python\transmutation_codex\adapters\bridges\conversion_handler.py", line 116, in handle_single_conversion
    result_path = converter_callable(
        str(input_path), str(output_path), **args.options
    )
  File "D:\Coding\SafeAppeals2.0\python\transmutation_codex\core\decorators.py", line 113, in wrapper
    return func(input_path, output_path, **kwargs)
  File "D:\Coding\SafeAppeals2.0\python\transmutation_codex\plugins\docx\to_pdf_libreoffice.py", line 365, in convert_docx_to_pdf_libreoffice
    raise RuntimeError(error_message) from e
RuntimeError: LibreOffice conversion failed: LibreOffice conversion completed but output file not found: d:\Steve\Documents\JohnsVSABCorp\intake.pdf
STDOUT: 
STDERR: 
2026-01-09 13:09:16 - 20260109_130901_d1788be0 - aichemist_codex.electron_bridge - ERROR - conversion_handler.handle_single_conversion:176 - [BRIDGE_004] Conversion failed: LibreOffice conversion failed: LibreOffice conversion completed but output file not found: d:\Steve\Documents\JohnsVSABCorp\intake.pdf
STDOUT: 
STDERR: 
Traceback (most recent call last):
  File "D:\Coding\SafeAppeals2.0\python\transmutation_codex\plugins\docx\to_pdf_libreoffice.py", line 289, in convert_docx_to_pdf_libreoffice
    raise RuntimeError(error_msg)
RuntimeError: LibreOffice conversion completed but output file not found: d:\Steve\Documents\JohnsVSABCorp\intake.pdf
STDOUT: 
STDERR: 

The above exception was the direct cause of the following exception:

Traceback (most recent call last):
  File "D:\Coding\SafeAppeals2.0\python\transmutation_codex\adapters\bridges\conversion_handler.py", line 116, in handle_single_conversion
    result_path = converter_callable(
        str(input_path), str(output_path), **args.options
    )
  File "D:\Coding\SafeAppeals2.0\python\transmutation_codex\core\decorators.py", line 113, in wrapper
    return func(input_path, output_path, **kwargs)
  File "D:\Coding\SafeAppeals2.0\python\transmutation_codex\plugins\docx\to_pdf_libreoffice.py", line 365, in convert_docx_to_pdf_libreoffice
    raise RuntimeError(error_message) from e
RuntimeError: LibreOffice conversion failed: LibreOffice conversion completed but output file not found: d:\Steve\Documents\JohnsVSABCorp\intake.pdf
STDOUT: 
STDERR: 
2026-01-09 13:09:16 - 20260109_130901_d1788be0 - aichemist_codex.electron_bridge - ERROR - progress_reporter.report_error:97 - Reporting error (conversion): LibreOffice conversion failed: LibreOffice conversion completed but output file not found: d:\Steve\Documents\JohnsVSABCorp\intake.pdf
STDOUT: 
STDERR: 
2026-01-09 13:09:16 - 20260109_130901_d1788be0 - aichemist_codex.electron_bridge - DEBUG - base.send_json_message:49 - Sending PROGRESS message: {"current": 30, "total": 100, "message": "Error: LibreOffice conversion failed: LibreOffice conversion completed but output file not found: d:\\Steve\\Documents\\JohnsVSABCorp\\intake.pdf\nSTDOUT: \nS...
2026-01-09 13:09:16 - 20260109_130901_d1788be0 - aichemist_codex.electron_bridge - DEBUG - base.send_json_message:49 - Sending ERROR message: {"error": "LibreOffice conversion failed: LibreOffice conversion completed but output file not found: d:\\Steve\\Documents\\JohnsVSABCorp\\intake.pdf\nSTDOUT: \nSTDERR: ", "type": "conversion"}...
2026-01-09 13:09:16 - 20260109_130901_d1788be0 - aichemist_codex.electron_bridge - DEBUG - base.send_json_message:49 - Sending RESULT message: {"success": false, "message": "Conversion failed: LibreOffice conversion failed: LibreOffice conversion completed but output file not found: d:\\Steve\\Documents\\JohnsVSABCorp\\intake.pdf\nSTDOUT: \n...
2026-01-09 13:09:16 - 20260109_130901_d1788be0 - aichemist_codex.electron_bridge - ERROR - conversion_handler.handle_conversion:411 - [BRIDGE_004] Conversion error: Conversion failed: LibreOffice conversion failed: LibreOffice conversion completed but output file not found: d:\Steve\Documents\JohnsVSABCorp\intake.pdf
STDOUT: 
STDERR: 
Traceback (most recent call last):
  File "D:\Coding\SafeAppeals2.0\python\transmutation_codex\plugins\docx\to_pdf_libreoffice.py", line 289, in convert_docx_to_pdf_libreoffice
    raise RuntimeError(error_msg)
RuntimeError: LibreOffice conversion completed but output file not found: d:\Steve\Documents\JohnsVSABCorp\intake.pdf
STDOUT: 
STDERR: 

The above exception was the direct cause of the following exception:

Traceback (most recent call last):
  File "D:\Coding\SafeAppeals2.0\python\transmutation_codex\adapters\bridges\conversion_handler.py", line 116, in handle_single_conversion
    result_path = converter_callable(
        str(input_path), str(output_path), **args.options
    )
  File "D:\Coding\SafeAppeals2.0\python\transmutation_codex\core\decorators.py", line 113, in wrapper
    return func(input_path, output_path, **kwargs)
  File "D:\Coding\SafeAppeals2.0\python\transmutation_codex\plugins\docx\to_pdf_libreoffice.py", line 365, in convert_docx_to_pdf_libreoffice
    raise RuntimeError(error_message) from e
RuntimeError: LibreOffice conversion failed: LibreOffice conversion completed but output file not found: d:\Steve\Documents\JohnsVSABCorp\intake.pdf
STDOUT: 
STDERR: 

The above exception was the direct cause of the following exception:

Traceback (most recent call last):
  File "D:\Coding\SafeAppeals2.0\python\transmutation_codex\adapters\bridges\conversion_handler.py", line 391, in handle_conversion
    handle_single_conversion(args, reporter)
    ~~~~~~~~~~~~~~~~~~~~~~~~^^^^^^^^^^^^^^^^
  File "D:\Coding\SafeAppeals2.0\python\transmutation_codex\adapters\bridges\conversion_handler.py", line 189, in handle_single_conversion
    raise BridgeConversionError(f"Conversion failed: {e}") from e
transmutation_codex.adapters.bridges.base.BridgeConversionError: Conversion failed: LibreOffice conversion failed: LibreOffice conversion completed but output file not found: d:\Steve\Documents\JohnsVSABCorp\intake.pdf
STDOUT: 
STDERR: 
2026-01-09 13:09:16 - 20260109_130901_d1788be0 - aichemist_codex.electron_bridge - INFO - electron_bridge.main:50 - Electron bridge exiting with code 1
